// Jest Snapshot v1, https://goo.gl/fbAQLP

exports[`App component test  sellColum snapshot renders 1`] = `<sellColum />`;
